[0m[38;5;245mrunning 1 test from ./tests/remediation_test.ts[0m
Security Remediation Verification ...
  1. Create Bucket with Password (should return token) ...
[0m[38;5;245m------- output -------[0m
Created bucket: kkcyht
[0m[38;5;245m----- output end -----[0m
  1. Create Bucket with Password (should return token) ... [0m[32mok[0m [0m[38;5;245m(766ms)[0m
  2. Upload File (Valid Token) ... [0m[32mok[0m [0m[38;5;245m(964ms)[0m
  3. Upload File (Invalid Token) ... [0m[32mok[0m [0m[38;5;245m(549ms)[0m
  4. Upload Invalid File (Blocked Extension) ...
[0m[38;5;245m------- output -------[0m
Blocked file error: Bucket is full. Download current content first.
[0m[38;5;245m----- output end -----[0m
  4. Upload Invalid File (Blocked Extension) ... [0m[32mok[0m [0m[38;5;245m(410ms)[0m
  5. Download (Password - GET) - Should Fail ... [0m[32mok[0m [0m[38;5;245m(448ms)[0m
  6. Download (Password - POST) - Should Succeed ... [0m[32mok[0m [0m[38;5;245m(1s)[0m
  7. Metadata Redaction (No Token) ... [0m[32mok[0m [0m[38;5;245m(398ms)[0m
  8. Metadata Full (With Token) ...
[0m[38;5;245m------- output -------[0m
Debug: {
  stored_token_len: 64,
  received_token: "860929e047cb406c8264eef6c1d52cdd",
  is_authorized: true,
  is_protected: true
}
[0m[38;5;245m----- output end -----[0m
  8. Metadata Full (With Token) ... [0m[31mFAILED[0m [0m[38;5;245m(467ms)[0m
Security Remediation Verification ... [0m[31mFAILED[0m (due to 1 failed step) [0m[38;5;245m(5s)[0m

[0m[1m[37m[41m ERRORS [0m

Security Remediation Verification ... 8. Metadata Full (With Token) [0m[38;5;245m=> ./tests/remediation_test.ts:140:11[0m
[0m[1m[31merror[0m: AssertionError: actual: "null" expected to not be null or undefined
    throw new AssertionError(msg);
[0m[31m          ^[0m
    at [0m[1m[3massertExists[0m ([0m[36mhttps://deno.land/std@0.168.0/testing/asserts.ts[0m:[0m[33m423[0m:[0m[33m11[0m)
    at [0m[36mfile:///Users/pabloalvarado/Projects/active/apps/qrbuddy/tests/remediation_test.ts[0m:[0m[33m148[0m:[0m[33m5[0m
    at [0m[1m[3meventLoopTick[0m ([0m[36mext:core/01_core.js[0m:[0m[33m178[0m:[0m[33m7[0m)
    at async [0m[1m[3minnerWrapped[0m ([0m[36mext:cli/40_test.js[0m:[0m[33m180[0m:[0m[33m5[0m)
    at async [0m[1m[3mexitSanitizer[0m ([0m[36mext:cli/40_test.js[0m:[0m[33m96[0m:[0m[33m27[0m)
    at async [0m[1m[3mObject.outerWrapped [as fn][0m ([0m[36mext:cli/40_test.js[0m:[0m[33m123[0m:[0m[33m14[0m)
    at async [0m[1m[3mTestContext.step[0m ([0m[36mext:cli/40_test.js[0m:[0m[33m481[0m:[0m[33m22[0m)
    at async [0m[36mfile:///Users/pabloalvarado/Projects/active/apps/qrbuddy/tests/remediation_test.ts[0m:[0m[33m140[0m:[0m[33m3[0m

[0m[1m[37m[41m FAILURES [0m

Security Remediation Verification ... 8. Metadata Full (With Token) [0m[38;5;245m=> ./tests/remediation_test.ts:140:11[0m

[0m[31mFAILED[0m | 0 passed (7 steps) | 1 failed (1 step) [0m[38;5;245m(5s)[0m

[0m[1m[31merror[0m: Test failed
